[2021-4-4 16:38:17] layer "PLOVELACD@163.com   Hcake860@163.com": Unsupported extension: com
